0 verbose cli /usr/local/bin/node /usr/local/bin/npm
1 info using npm@11.7.0
2 info using node@v22.18.0
3 silly config load:file:/usr/local/lib/node_modules/npm/npmrc
4 silly config load:file:/Users/mac/Desktop/notetaker/.npmrc
5 silly config load:file:/Users/mac/.npmrc
6 silly config load:file:/usr/local/etc/npmrc
7 verbose title npm install
8 verbose argv "install" "--package-lock-only" "--ignore-scripts"
9 verbose logfile logs-max:10 dir:/Users/mac/Desktop/notetaker/.npm-cache/_logs/2026-03-11T12_31_44_136Z-
10 verbose logfile /Users/mac/Desktop/notetaker/.npm-cache/_logs/2026-03-11T12_31_44_136Z-debug-0.log
11 silly logfile done cleaning log files
12 silly packumentCache heap:4345298944 maxSize:1086324736 maxEntrySize:543162368
13 silly idealTree buildDeps
14 silly fetch manifest nodemailer@^6.8.0
15 silly packumentCache full:https://registry.npmjs.org/nodemailer cache-miss
16 http fetch GET 200 https://registry.npmjs.org/nodemailer 616ms (cache miss)
17 silly packumentCache full:https://registry.npmjs.org/nodemailer set size:undefined disposed:false
18 warn ERESOLVE overriding peer dependency {
18 warn ERESOLVE   code: 'ERESOLVE',
18 warn ERESOLVE   edge: {
18 warn ERESOLVE     type: 'peerOptional',
18 warn ERESOLVE     name: 'nodemailer',
18 warn ERESOLVE     spec: '^6.8.0',
18 warn ERESOLVE     error: 'INVALID',
18 warn ERESOLVE     from: {
18 warn ERESOLVE       name: '@auth/core',
18 warn ERESOLVE       version: '0.41.0',
18 warn ERESOLVE       location: 'node_modules/@auth/core',
18 warn ERESOLVE       isWorkspace: false,
18 warn ERESOLVE       dependents: [Array]
18 warn ERESOLVE     }
18 warn ERESOLVE   },
18 warn ERESOLVE   dep: {
18 warn ERESOLVE     name: 'nodemailer',
18 warn ERESOLVE     version: '6.10.1',
18 warn ERESOLVE     whileInstalling: {
18 warn ERESOLVE       name: '@auth/core',
18 warn ERESOLVE       version: '0.41.0',
18 warn ERESOLVE       path: '/Users/mac/Desktop/notetaker/node_modules/@auth/core'
18 warn ERESOLVE     },
18 warn ERESOLVE     location: 'node_modules/nodemailer',
18 warn ERESOLVE     isWorkspace: false,
18 warn ERESOLVE     dependents: [ [Object] ]
18 warn ERESOLVE   },
18 warn ERESOLVE   force: false,
18 warn ERESOLVE   isMine: false,
18 warn ERESOLVE   strictPeerDeps: false,
18 warn ERESOLVE   current: {
18 warn ERESOLVE     name: 'nodemailer',
18 warn ERESOLVE     version: '7.0.13',
18 warn ERESOLVE     location: 'node_modules/nodemailer',
18 warn ERESOLVE     isWorkspace: false,
18 warn ERESOLVE     dependents: [ [Object], [Object] ]
18 warn ERESOLVE   },
18 warn ERESOLVE   peerConflict: {
18 warn ERESOLVE     current: {
18 warn ERESOLVE       name: 'nodemailer',
18 warn ERESOLVE       version: '7.0.13',
18 warn ERESOLVE       location: 'node_modules/nodemailer',
18 warn ERESOLVE       isWorkspace: false,
18 warn ERESOLVE       dependents: [Array]
18 warn ERESOLVE     },
18 warn ERESOLVE     peer: {
18 warn ERESOLVE       name: 'nodemailer',
18 warn ERESOLVE       version: '6.10.1',
18 warn ERESOLVE       whileInstalling: [Object],
18 warn ERESOLVE       location: 'node_modules/nodemailer',
18 warn ERESOLVE       isWorkspace: false,
18 warn ERESOLVE       dependents: [Array]
18 warn ERESOLVE     }
18 warn ERESOLVE   }
18 warn ERESOLVE }
19 silly audit bulk request {
19 silly audit   '@alloc/quick-lru': [ '5.2.0' ],
19 silly audit   '@auth/core': [ '0.41.0' ],
19 silly audit   '@aws-crypto/crc32': [ '5.2.0' ],
19 silly audit   '@aws-crypto/crc32c': [ '5.2.0' ],
19 silly audit   '@aws-crypto/sha1-browser': [ '5.2.0' ],
19 silly audit   '@smithy/is-array-buffer': [ '2.2.0', '4.2.2' ],
19 silly audit   '@smithy/util-buffer-from': [ '2.2.0', '4.2.2' ],
19 silly audit   '@smithy/util-utf8': [ '2.3.0', '4.2.2' ],
19 silly audit   '@aws-crypto/sha256-browser': [ '5.2.0' ],
19 silly audit   '@aws-crypto/sha256-js': [ '5.2.0' ],
19 silly audit   '@aws-crypto/supports-web-crypto': [ '5.2.0' ],
19 silly audit   '@aws-crypto/util': [ '5.2.0' ],
19 silly audit   '@aws-sdk/client-s3': [ '3.1004.0' ],
19 silly audit   '@aws-sdk/core': [ '3.973.18' ],
19 silly audit   '@aws-sdk/crc64-nvme': [ '3.972.4' ],
19 silly audit   '@aws-sdk/credential-provider-env': [ '3.972.16' ],
19 silly audit   '@aws-sdk/credential-provider-http': [ '3.972.18' ],
19 silly audit   '@aws-sdk/credential-provider-ini': [ '3.972.17' ],
19 silly audit   '@aws-sdk/credential-provider-login': [ '3.972.17' ],
19 silly audit   '@aws-sdk/credential-provider-node': [ '3.972.18' ],
19 silly audit   '@aws-sdk/credential-provider-process': [ '3.972.16' ],
19 silly audit   '@aws-sdk/credential-provider-sso': [ '3.972.17' ],
19 silly audit   '@aws-sdk/credential-provider-web-identity': [ '3.972.17' ],
19 silly audit   '@aws-sdk/middleware-bucket-endpoint': [ '3.972.7' ],
19 silly audit   '@aws-sdk/middleware-expect-continue': [ '3.972.7' ],
19 silly audit   '@aws-sdk/middleware-flexible-checksums': [ '3.973.4' ],
19 silly audit   '@aws-sdk/middleware-host-header': [ '3.972.7' ],
19 silly audit   '@aws-sdk/middleware-location-constraint': [ '3.972.7' ],
19 silly audit   '@aws-sdk/middleware-logger': [ '3.972.7' ],
19 silly audit   '@aws-sdk/middleware-recursion-detection': [ '3.972.7' ],
19 silly audit   '@aws-sdk/middleware-sdk-s3': [ '3.972.18' ],
19 silly audit   '@aws-sdk/middleware-ssec': [ '3.972.7' ],
19 silly audit   '@aws-sdk/middleware-user-agent': [ '3.972.19' ],
19 silly audit   '@aws-sdk/nested-clients': [ '3.996.7' ],
19 silly audit   '@aws-sdk/region-config-resolver': [ '3.972.7' ],
19 silly audit   '@aws-sdk/signature-v4-multi-region': [ '3.996.6' ],
19 silly audit   '@aws-sdk/token-providers': [ '3.1004.0' ],
19 silly audit   '@aws-sdk/types': [ '3.973.5' ],
19 silly audit   '@aws-sdk/util-arn-parser': [ '3.972.3' ],
19 silly audit   '@aws-sdk/util-endpoints': [ '3.996.4' ],
19 silly audit   '@aws-sdk/util-locate-window': [ '3.965.5' ],
19 silly audit   '@aws-sdk/util-user-agent-browser': [ '3.972.7' ],
19 silly audit   '@aws-sdk/util-user-agent-node': [ '3.973.4' ],
19 silly audit   '@aws-sdk/xml-builder': [ '3.972.10' ],
19 silly audit   '@aws/lambda-invoke-store': [ '0.2.3' ],
19 silly audit   '@babel/runtime': [ '7.28.6' ],
19 silly audit   '@emnapi/core': [ '1.8.1' ],
19 silly audit   '@emnapi/runtime': [ '1.8.1' ],
19 silly audit   '@emnapi/wasi-threads': [ '1.1.0' ],
19 silly audit   '@eslint-community/eslint-utils': [ '4.9.1' ],
19 silly audit   'eslint-visitor-keys': [ '3.4.3', '5.0.1', '4.2.1' ],
19 silly audit   '@eslint-community/regexpp': [ '4.12.2' ],
19 silly audit   '@eslint/config-array': [ '0.21.2' ],
19 silly audit   '@eslint/config-helpers': [ '0.4.2' ],
19 silly audit   '@eslint/core': [ '0.17.0' ],
19 silly audit   '@eslint/eslintrc': [ '3.3.5' ],
19 silly audit   '@eslint/js': [ '9.39.4' ],
19 silly audit   '@eslint/object-schema': [ '2.1.7' ],
19 silly audit   '@eslint/plugin-kit': [ '0.4.1' ],
19 silly audit   '@floating-ui/core': [ '1.7.5' ],
19 silly audit   '@floating-ui/dom': [ '1.7.6' ],
19 silly audit   '@floating-ui/react-dom': [ '2.1.8' ],
19 silly audit   '@floating-ui/utils': [ '0.2.11' ],
19 silly audit   '@humanfs/core': [ '0.19.1' ],
19 silly audit   '@humanfs/node': [ '0.16.7' ],
19 silly audit   '@humanwhocodes/module-importer': [ '1.0.1' ],
19 silly audit   '@humanwhocodes/retry': [ '0.4.3' ],
19 silly audit   '@iconify/react': [ '5.2.1' ],
19 silly audit   '@iconify/types': [ '2.0.0' ],
19 silly audit   '@img/colour': [ '1.1.0' ],
19 silly audit   '@img/sharp-darwin-arm64': [ '0.34.5' ],
19 silly audit   '@img/sharp-darwin-x64': [ '0.34.5' ],
19 silly audit   '@img/sharp-libvips-darwin-arm64': [ '1.2.4' ],
19 silly audit   '@img/sharp-libvips-darwin-x64': [ '1.2.4' ],
19 silly audit   '@img/sharp-libvips-linux-arm': [ '1.2.4' ],
19 silly audit   '@img/sharp-libvips-linux-arm64': [ '1.2.4' ],
19 silly audit   '@img/sharp-libvips-linux-ppc64': [ '1.2.4' ],
19 silly audit   '@img/sharp-libvips-linux-riscv64': [ '1.2.4' ],
19 silly audit   '@img/sharp-libvips-linux-s390x': [ '1.2.4' ],
19 silly audit   '@img/sharp-libvips-linux-x64': [ '1.2.4' ],
19 silly audit   '@img/sharp-libvips-linuxmusl-arm64': [ '1.2.4' ],
19 silly audit   '@img/sharp-libvips-linuxmusl-x64': [ '1.2.4' ],
19 silly audit   '@img/sharp-linux-arm': [ '0.34.5' ],
19 silly audit   '@img/sharp-linux-arm64': [ '0.34.5' ],
19 silly audit   '@img/sharp-linux-ppc64': [ '0.34.5' ],
19 silly audit   '@img/sharp-linux-riscv64': [ '0.34.5' ],
19 silly audit   '@img/sharp-linux-s390x': [ '0.34.5' ],
19 silly audit   '@img/sharp-linux-x64': [ '0.34.5' ],
19 silly audit   '@img/sharp-linuxmusl-arm64': [ '0.34.5' ],
19 silly audit   '@img/sharp-linuxmusl-x64': [ '0.34.5' ],
19 silly audit   '@img/sharp-wasm32': [ '0.34.5' ],
19 silly audit   '@img/sharp-win32-arm64': [ '0.34.5' ],
19 silly audit   '@img/sharp-win32-ia32': [ '0.34.5' ],
19 silly audit   '@img/sharp-win32-x64': [ '0.34.5' ],
19 silly audit   '@jridgewell/gen-mapping': [ '0.3.13' ],
19 silly audit   '@jridgewell/remapping': [ '2.3.5' ],
19 silly audit   '@jridgewell/resolve-uri': [ '3.1.2' ],
19 silly audit   '@jridgewell/sourcemap-codec': [ '1.5.5' ],
19 silly audit   '@jridgewell/trace-mapping': [ '0.3.31' ],
19 silly audit   '@napi-rs/wasm-runtime': [ '0.2.12', '1.1.1' ],
19 silly audit   '@next/env': [ '15.3.5' ],
19 silly audit   '@next/eslint-plugin-next': [ '15.3.5' ],
19 silly audit   '@next/swc-darwin-arm64': [ '15.3.5' ],
19 silly audit   '@next/swc-darwin-x64': [ '15.3.5' ],
19 silly audit   '@next/swc-linux-arm64-gnu': [ '15.3.5' ],
19 silly audit   '@next/swc-linux-arm64-musl': [ '15.3.5' ],
19 silly audit   '@next/swc-linux-x64-gnu': [ '15.3.5' ],
19 silly audit   '@next/swc-linux-x64-musl': [ '15.3.5' ],
19 silly audit   '@next/swc-win32-arm64-msvc': [ '15.3.5' ],
19 silly audit   '@next/swc-win32-x64-msvc': [ '15.3.5' ],
19 silly audit   '@nodelib/fs.scandir': [ '2.1.5' ],
19 silly audit   '@nodelib/fs.stat': [ '2.0.5' ],
19 silly audit   '@nodelib/fs.walk': [ '1.2.8' ],
19 silly audit   '@nolyfill/is-core-module': [ '1.0.39' ],
19 silly audit   '@panva/hkdf': [ '1.2.1' ],
19 silly audit   '@pinecone-database/pinecone': [ '6.1.4' ],
19 silly audit   '@prisma/client': [ '6.19.2' ],
19 silly audit   '@prisma/config': [ '6.19.2' ],
19 silly audit   '@prisma/debug': [ '6.19.2' ],
19 silly audit   '@prisma/engines': [ '6.19.2' ],
19 silly audit   '@prisma/engines-version': [ '7.1.1-3.c2990dca591cba766e3b7ef5d9e8a84796e47ab7' ],
19 silly audit   '@prisma/fetch-engine': [ '6.19.2' ],
19 silly audit   '@prisma/get-platform': [ '6.19.2' ],
19 silly audit   '@radix-ui/number': [ '1.1.1' ],
19 silly audit   '@radix-ui/primitive': [ '1.1.3' ],
19 silly audit   '@radix-ui/react-arrow': [ '1.1.7' ],
19 silly audit   '@radix-ui/react-checkbox': [ '1.3.3' ],
19 silly audit   '@radix-ui/react-collection': [ '1.1.7' ],
19 silly audit   '@radix-ui/react-slot': [ '1.2.3', '1.2.4' ],
19 silly audit   '@radix-ui/react-compose-refs': [ '1.1.2' ],
19 silly audit   '@radix-ui/react-context': [ '1.1.2' ],
19 silly audit   '@radix-ui/react-dialog': [ '1.1.15' ],
19 silly audit   '@radix-ui/react-direction': [ '1.1.1' ],
19 silly audit   '@radix-ui/react-dismissable-layer': [ '1.1.11' ],
19 silly audit   '@radix-ui/react-dropdown-menu': [ '2.1.16' ],
19 silly audit   '@radix-ui/react-focus-guards': [ '1.1.3' ],
19 silly audit   '@radix-ui/react-focus-scope': [ '1.1.7' ],
19 silly audit   '@radix-ui/react-id': [ '1.1.1' ],
19 silly audit   '@radix-ui/react-label': [ '2.1.8' ],
19 silly audit   '@radix-ui/react-primitive': [ '2.1.4', '2.1.3' ],
19 silly audit   '@radix-ui/react-menu': [ '2.1.16' ],
19 silly audit   '@radix-ui/react-popper': [ '1.2.8' ],
19 silly audit   '@radix-ui/react-portal': [ '1.1.9' ],
19 silly audit   '@radix-ui/react-presence': [ '1.1.5' ],
19 silly audit   '@radix-ui/react-roving-focus': [ '1.1.11' ],
19 silly audit   '@radix-ui/react-select': [ '2.2.6' ],
19 silly audit   '@radix-ui/react-separator': [ '1.1.8' ],
19 silly audit   '@radix-ui/react-switch': [ '1.2.6' ],
19 silly audit   '@radix-ui/react-tooltip': [ '1.2.8' ],
19 silly audit   '@radix-ui/react-use-callback-ref': [ '1.1.1' ],
19 silly audit   '@radix-ui/react-use-controllable-state': [ '1.2.2' ],
19 silly audit   '@radix-ui/react-use-effect-event': [ '0.0.2' ],
19 silly audit   '@radix-ui/react-use-escape-keydown': [ '1.1.1' ],
19 silly audit   '@radix-ui/react-use-layout-effect': [ '1.1.1' ],
19 silly audit   '@radix-ui/react-use-previous': [ '1.1.1' ],
19 silly audit   '@radix-ui/react-use-rect': [ '1.1.1' ],
19 silly audit   '@radix-ui/react-use-size': [ '1.1.1' ],
19 silly audit   '@radix-ui/react-visually-hidden': [ '1.2.3' ],
19 silly audit   '@radix-ui/rect': [ '1.1.1' ],
19 silly audit   '@react-email/body': [ '0.1.0' ],
19 silly audit   '@react-email/button': [ '0.2.0' ],
19 silly audit   '@react-email/code-block': [ '0.1.0' ],
19 silly audit   '@react-email/code-inline': [ '0.0.5' ],
19 silly audit   '@react-email/column': [ '0.0.13' ],
19 silly audit   '@react-email/components': [ '0.4.0' ],
19 silly audit   '@react-email/render': [ '1.1.4', '1.4.0' ],
19 silly audit   '@react-email/container': [ '0.0.15' ],
19 silly audit   '@react-email/font': [ '0.0.9' ],
19 silly audit   '@react-email/head': [ '0.0.12' ],
19 silly audit   '@react-email/heading': [ '0.0.15' ],
19 silly audit   '@react-email/hr': [ '0.0.11' ],
19 silly audit   '@react-email/html': [ '0.0.11' ],
19 silly audit   '@react-email/img': [ '0.0.11' ],
19 silly audit   '@react-email/link': [ '0.0.12' ],
19 silly audit   '@react-email/markdown': [ '0.0.15' ],
19 silly audit   '@react-email/preview': [ '0.0.13' ],
19 silly audit   '@react-email/row': [ '0.0.12' ],
19 silly audit   '@react-email/section': [ '0.0.16' ],
19 silly audit   '@react-email/tailwind': [ '1.2.2' ],
19 silly audit   '@react-email/text': [ '0.1.5' ],
19 silly audit   '@rtsao/scc': [ '1.1.0' ],
19 silly audit   '@rushstack/eslint-patch': [ '1.16.1' ],
19 silly audit   '@selderee/plugin-htmlparser2': [ '0.11.0' ],
19 silly audit   '@slack/bolt': [ '4.6.0' ],
19 silly audit   '@slack/logger': [ '4.0.0' ],
19 silly audit   '@slack/oauth': [ '3.0.4' ],
19 silly audit   '@slack/socket-mode': [ '2.0.5' ],
19 silly audit   '@slack/types': [ '2.20.0' ],
19 silly audit   '@slack/web-api': [ '7.14.1' ],
19 silly audit   '@smithy/abort-controller': [ '4.2.11' ],
19 silly audit   '@smithy/chunked-blob-reader': [ '5.2.2' ],
19 silly audit   '@smithy/chunked-blob-reader-native': [ '4.2.3' ],
19 silly audit   '@smithy/config-resolver': [ '4.4.10' ],
19 silly audit   '@smithy/core': [ '3.23.9' ],
19 silly audit   '@smithy/credential-provider-imds': [ '4.2.11' ],
19 silly audit   '@smithy/eventstream-codec': [ '4.2.11' ],
19 silly audit   '@smithy/eventstream-serde-browser': [ '4.2.11' ],
19 silly audit   '@smithy/eventstream-serde-config-resolver': [ '4.3.11' ],
19 silly audit   '@smithy/eventstream-serde-node': [ '4.2.11' ],
19 silly audit   '@smithy/eventstream-serde-universal': [ '4.2.11' ],
19 silly audit   '@smithy/fetch-http-handler': [ '5.3.13' ],
19 silly audit   '@smithy/hash-blob-browser': [ '4.2.12' ],
19 silly audit   '@smithy/hash-node': [ '4.2.11' ],
19 silly audit   '@smithy/hash-stream-node': [ '4.2.11' ],
19 silly audit   '@smithy/invalid-dependency': [ '4.2.11' ],
19 silly audit   '@smithy/md5-js': [ '4.2.11' ],
19 silly audit   '@smithy/middleware-content-length': [ '4.2.11' ],
19 silly audit   '@smithy/middleware-endpoint': [ '4.4.23' ],
19 silly audit   '@smithy/middleware-retry': [ '4.4.40' ],
19 silly audit   '@smithy/middleware-serde': [ '4.2.12' ],
19 silly audit   '@smithy/middleware-stack': [ '4.2.11' ],
19 silly audit   '@smithy/node-config-provider': [ '4.3.11' ],
19 silly audit   '@smithy/node-http-handler': [ '4.4.14' ],
19 silly audit   '@smithy/property-provider': [ '4.2.11' ],
19 silly audit   '@smithy/protocol-http': [ '5.3.11' ],
19 silly audit   '@smithy/querystring-builder': [ '4.2.11' ],
19 silly audit   '@smithy/querystring-parser': [ '4.2.11' ],
19 silly audit   '@smithy/service-error-classification': [ '4.2.11' ],
19 silly audit   '@smithy/shared-ini-file-loader': [ '4.4.6' ],
19 silly audit   '@smithy/signature-v4': [ '5.3.11' ],
19 silly audit   '@smithy/smithy-client': [ '4.12.3' ],
19 silly audit   '@smithy/types': [ '4.13.0' ],
19 silly audit   '@smithy/url-parser': [ '4.2.11' ],
19 silly audit   '@smithy/util-base64': [ '4.3.2' ],
19 silly audit   '@smithy/util-body-length-browser': [ '4.2.2' ],
19 silly audit   '@smithy/util-body-length-node': [ '4.2.3' ],
19 silly audit   '@smithy/util-config-provider': [ '4.2.2' ],
19 silly audit   '@smithy/util-defaults-mode-browser': [ '4.3.39' ],
19 silly audit   '@smithy/util-defaults-mode-node': [ '4.2.42' ],
19 silly audit   '@smithy/util-endpoints': [ '3.3.2' ],
19 silly audit   '@smithy/util-hex-encoding': [ '4.2.2' ],
19 silly audit   '@smithy/util-middleware': [ '4.2.11' ],
19 silly audit   '@smithy/util-retry': [ '4.2.11' ],
19 silly audit   '@smithy/util-stream': [ '4.5.17' ],
19 silly audit   '@smithy/util-uri-escape': [ '4.2.2' ],
19 silly audit   '@smithy/util-waiter': [ '4.2.11' ],
19 silly audit   '@smithy/uuid': [ '1.1.2' ],
19 silly audit   '@standard-schema/spec': [ '1.1.0' ],
19 silly audit   '@swc/counter': [ '0.1.3' ],
19 silly audit   '@swc/helpers': [ '0.5.15' ],
19 silly audit   '@tailwindcss/node': [ '4.2.1' ],
19 silly audit   '@tailwindcss/oxide': [ '4.2.1' ],
19 silly audit   '@tailwindcss/oxide-android-arm64': [ '4.2.1' ],
19 silly audit   '@tailwindcss/oxide-darwin-arm64': [ '4.2.1' ],
19 silly audit   '@tailwindcss/oxide-darwin-x64': [ '4.2.1' ],
19 silly audit   '@tailwindcss/oxide-freebsd-x64': [ '4.2.1' ],
19 silly audit   '@tailwindcss/oxide-linux-arm-gnueabihf': [ '4.2.1' ],
19 silly audit   '@tailwindcss/oxide-linux-arm64-gnu': [ '4.2.1' ],
19 silly audit   '@tailwindcss/oxide-linux-arm64-musl': [ '4.2.1' ],
19 silly audit   '@tailwindcss/oxide-linux-x64-gnu': [ '4.2.1' ],
19 silly audit   '@tailwindcss/oxide-linux-x64-musl': [ '4.2.1' ],
19 silly audit   '@tailwindcss/oxide-wasm32-wasi': [ '4.2.1' ],
19 silly audit   '@tybys/wasm-util': [ '0.10.1' ],
19 silly audit   tslib: [ '2.8.1' ],
19 silly audit   '@tailwindcss/oxide-win32-arm64-msvc': [ '4.2.1' ],
19 silly audit   '@tailwindcss/oxide-win32-x64-msvc': [ '4.2.1' ],
19 silly audit   '@tailwindcss/postcss': [ '4.2.1' ],
19 silly audit   '@types/body-parser': [ '1.19.6' ],
19 silly audit   '@types/connect': [ '3.4.38' ],
19 silly audit   '@types/estree': [ '1.0.8' ],
19 silly audit   '@types/express': [ '5.0.6' ],
19 silly audit   '@types/express-serve-static-core': [ '5.1.1' ],
19 silly audit   '@types/http-errors': [ '2.0.5' ],
19 silly audit   '@types/json-schema': [ '7.0.15' ],
19 silly audit   '@types/json5': [ '0.0.29' ],
19 silly audit   '@types/jsonwebtoken': [ '9.0.10' ],
19 silly audit   '@types/ms': [ '2.1.0' ],
19 silly audit   '@types/node': [ '20.19.37' ],
19 silly audit   '@types/nodemailer': [ '6.4.23' ],
19 silly audit   '@types/qs': [ '6.15.0' ],
19 silly audit   '@types/range-parser': [ '1.2.7' ],
19 silly audit   '@types/react': [ '19.2.14' ],
19 silly audit   '@types/react-dom': [ '19.2.3' ],
19 silly audit   '@types/retry': [ '0.12.0' ],
19 silly audit   '@types/send': [ '1.2.1' ],
19 silly audit   '@types/serve-static': [ '2.2.0' ],
19 silly audit   '@types/ws': [ '8.18.1' ],
19 silly audit   '@typescript-eslint/eslint-plugin': [ '8.56.1' ],
19 silly audit   ignore: [ '7.0.5', '5.3.2' ],
19 silly audit   '@typescript-eslint/parser': [ '8.56.1' ],
19 silly audit   '@typescript-eslint/project-service': [ '8.56.1' ],
19 silly audit   '@typescript-eslint/scope-manager': [ '8.56.1' ],
19 silly audit   '@typescript-eslint/tsconfig-utils': [ '8.56.1' ],
19 silly audit   '@typescript-eslint/type-utils': [ '8.56.1' ],
19 silly audit   '@typescript-eslint/types': [ '8.56.1' ],
19 silly audit   '@typescript-eslint/typescript-estree': [ '8.56.1' ],
19 silly audit   'balanced-match': [ '4.0.4', '1.0.2' ],
19 silly audit   'brace-expansion': [ '5.0.4', '1.1.12' ],
19 silly audit   minimatch: [ '10.2.4', '3.1.5' ],
19 silly audit   '@typescript-eslint/utils': [ '8.56.1' ],
19 silly audit   '@typescript-eslint/visitor-keys': [ '8.56.1' ],
19 silly audit   '@unrs/resolver-binding-android-arm-eabi': [ '1.11.1' ],
19 silly audit   '@unrs/resolver-binding-android-arm64': [ '1.11.1' ],
19 silly audit   '@unrs/resolver-binding-darwin-arm64': [ '1.11.1' ],
19 silly audit   '@unrs/resolver-binding-darwin-x64': [ '1.11.1' ],
19 silly audit   '@unrs/resolver-binding-freebsd-x64': [ '1.11.1' ],
19 silly audit   '@unrs/resolver-binding-linux-arm-gnueabihf': [ '1.11.1' ],
19 silly audit   '@unrs/resolver-binding-linux-arm-musleabihf': [ '1.11.1' ],
19 silly audit   '@unrs/resolver-binding-linux-arm64-gnu': [ '1.11.1' ],
19 silly audit   '@unrs/resolver-binding-linux-arm64-musl': [ '1.11.1' ],
19 silly audit   '@unrs/resolver-binding-linux-ppc64-gnu': [ '1.11.1' ],
19 silly audit   '@unrs/resolver-binding-linux-riscv64-gnu': [ '1.11.1' ],
19 silly audit   '@unrs/resolver-binding-linux-riscv64-musl': [ '1.11.1' ],
19 silly audit   '@unrs/resolver-binding-linux-s390x-gnu': [ '1.11.1' ],
19 silly audit   '@unrs/resolver-binding-linux-x64-gnu': [ '1.11.1' ],
19 silly audit   '@unrs/resolver-binding-linux-x64-musl': [ '1.11.1' ],
19 silly audit   '@unrs/resolver-binding-wasm32-wasi': [ '1.11.1' ],
19 silly audit   '@unrs/resolver-binding-win32-arm64-msvc': [ '1.11.1' ],
19 silly audit   '@unrs/resolver-binding-win32-ia32-msvc': [ '1.11.1' ],
19 silly audit   '@unrs/resolver-binding-win32-x64-msvc': [ '1.11.1' ],
19 silly audit   accepts: [ '2.0.0' ],
19 silly audit   acorn: [ '8.16.0' ],
19 silly audit   'acorn-jsx': [ '5.3.2' ],
19 silly audit   ajv: [ '6.14.0' ],
19 silly audit   'ansi-styles': [ '4.3.0' ],
19 silly audit   argparse: [ '2.0.1' ],
19 silly audit   'aria-hidden': [ '1.2.6' ],
19 silly audit   'aria-query': [ '5.3.2' ],
19 silly audit   'array-buffer-byte-length': [ '1.0.2' ],
19 silly audit   'array-includes': [ '3.1.9' ],
19 silly audit   'array.prototype.findlast': [ '1.2.5' ],
19 silly audit   'array.prototype.findlastindex': [ '1.2.6' ],
19 silly audit   'array.prototype.flat': [ '1.3.3' ],
19 silly audit   'array.prototype.flatmap': [ '1.3.3' ],
19 silly audit   'array.prototype.tosorted': [ '1.1.4' ],
19 silly audit   'arraybuffer.prototype.slice': [ '1.0.4' ],
19 silly audit   'ast-types-flow': [ '0.0.8' ],
19 silly audit   'async-function': [ '1.0.0' ],
19 silly audit   asynckit: [ '0.4.0' ],
19 silly audit   'available-typed-arrays': [ '1.0.7' ],
19 silly audit   'axe-core': [ '4.11.1' ],
19 silly audit   axios: [ '1.13.6' ],
19 silly audit   'axobject-query': [ '4.1.0' ],
19 silly audit   'body-parser': [ '2.2.2' ],
19 silly audit   bowser: [ '2.14.1' ],
19 silly audit   braces: [ '3.0.3' ],
19 silly audit   'buffer-equal-constant-time': [ '1.0.1' ],
19 silly audit   busboy: [ '1.6.0' ],
19 silly audit   bytes: [ '3.1.2' ],
19 silly audit   c12: [ '3.1.0' ],
19 silly audit   'call-bind': [ '1.0.8' ],
19 silly audit   'call-bind-apply-helpers': [ '1.0.2' ],
19 silly audit   'call-bound': [ '1.0.4' ],
19 silly audit   callsites: [ '3.1.0' ],
19 silly audit   'caniuse-lite': [ '1.0.30001777' ],
19 silly audit   chalk: [ '4.1.2' ],
19 silly audit   chokidar: [ '4.0.3' ],
19 silly audit   citty: [ '0.1.6', '0.2.1' ],
19 silly audit   'class-variance-authority': [ '0.7.1' ],
19 silly audit   'client-only': [ '0.0.1' ],
19 silly audit   clsx: [ '2.1.1' ],
19 silly audit   'color-convert': [ '2.0.1' ],
19 silly audit   'color-name': [ '1.1.4' ],
19 silly audit   'combined-stream': [ '1.0.8' ],
19 silly audit   'concat-map': [ '0.0.1' ],
19 silly audit   confbox: [ '0.2.4' ],
19 silly audit   consola: [ '3.4.2' ],
19 silly audit   'content-disposition': [ '1.0.1' ],
19 silly audit   'content-type': [ '1.0.5' ],
19 silly audit   cookie: [ '0.7.2' ],
19 silly audit   'cookie-signature': [ '1.2.2' ],
19 silly audit   'cross-spawn': [ '7.0.6' ],
19 silly audit   csstype: [ '3.2.3' ],
19 silly audit   'damerau-levenshtein': [ '1.0.8' ],
19 silly audit   'data-view-buffer': [ '1.0.2' ],
19 silly audit   'data-view-byte-length': [ '1.0.2' ],
19 silly audit   'data-view-byte-offset': [ '1.0.1' ],
19 silly audit   'date-fns': [ '4.1.0' ],
19 silly audit   debug: [ '4.4.3', '3.2.7' ],
19 silly audit   'deep-is': [ '0.1.4' ],
19 silly audit   deepmerge: [ '4.3.1' ],
19 silly audit   'deepmerge-ts': [ '7.1.5' ],
19 silly audit   'define-data-property': [ '1.1.4' ],
19 silly audit   'define-properties': [ '1.2.1' ],
19 silly audit   defu: [ '6.1.4' ],
19 silly audit   'delayed-stream': [ '1.0.0' ],
19 silly audit   depd: [ '2.0.0' ],
19 silly audit   destr: [ '2.0.5' ],
19 silly audit   'detect-libc': [ '2.1.2' ],
19 silly audit   'detect-node-es': [ '1.1.0' ],
19 silly audit   doctrine: [ '2.1.0' ],
19 silly audit   'dom-serializer': [ '2.0.0' ],
19 silly audit   domelementtype: [ '2.3.0' ],
19 silly audit   domhandler: [ '5.0.3' ],
19 silly audit   domutils: [ '3.2.2' ],
19 silly audit   dotenv: [ '16.6.1' ],
19 silly audit   'dunder-proto': [ '1.0.1' ],
19 silly audit   'ecdsa-sig-formatter': [ '1.0.11' ],
19 silly audit   'ee-first': [ '1.1.1' ],
19 silly audit   effect: [ '3.18.4' ],
19 silly audit   'emoji-regex': [ '9.2.2' ],
19 silly audit   empathic: [ '2.0.0' ],
19 silly audit   encodeurl: [ '2.0.0' ],
19 silly audit   'enhanced-resolve': [ '5.20.0' ],
19 silly audit   entities: [ '4.5.0' ],
19 silly audit   'es-abstract': [ '1.24.1' ],
19 silly audit   'es-define-property': [ '1.0.1' ],
19 silly audit   'es-errors': [ '1.3.0' ],
19 silly audit   'es-iterator-helpers': [ '1.2.2' ],
19 silly audit   'es-object-atoms': [ '1.1.1' ],
19 silly audit   'es-set-tostringtag': [ '2.1.0' ],
19 silly audit   'es-shim-unscopables': [ '1.1.0' ],
19 silly audit   'es-to-primitive': [ '1.3.0' ],
19 silly audit   'escape-html': [ '1.0.3' ],
19 silly audit   'escape-string-regexp': [ '4.0.0' ],
19 silly audit   eslint: [ '9.39.4' ],
19 silly audit   'eslint-config-next': [ '15.3.5' ],
19 silly audit   'eslint-import-resolver-node': [ '0.3.9' ],
19 silly audit   'eslint-import-resolver-typescript': [ '3.10.1' ],
19 silly audit   'eslint-module-utils': [ '2.12.1' ],
19 silly audit   'eslint-plugin-import': [ '2.32.0' ],
19 silly audit   semver: [ '6.3.1', '7.7.4' ],
19 silly audit   'eslint-plugin-jsx-a11y': [ '6.10.2' ],
19 silly audit   'eslint-plugin-react': [ '7.37.5' ],
19 silly audit   'eslint-plugin-react-hooks': [ '5.2.0' ],
19 silly audit   resolve: [ '2.0.0-next.6', '1.22.11' ],
19 silly audit   'eslint-scope': [ '8.4.0' ],
19 silly audit   espree: [ '10.4.0' ],
19 silly audit   esquery: [ '1.7.0' ],
19 silly audit   esrecurse: [ '4.3.0' ],
19 silly audit   estraverse: [ '5.3.0' ],
19 silly audit   esutils: [ '2.0.3' ],
19 silly audit   etag: [ '1.8.1' ],
19 silly audit   eventemitter3: [ '5.0.4', '4.0.7' ],
19 silly audit   express: [ '5.2.1' ],
19 silly audit   exsolve: [ '1.0.8' ],
19 silly audit   'fast-check': [ '3.23.2' ],
19 silly audit   'fast-deep-equal': [ '3.1.3', '2.0.1' ],
19 silly audit   'fast-glob': [ '3.3.1' ],
19 silly audit   'glob-parent': [ '5.1.2', '6.0.2' ],
19 silly audit   'fast-json-stable-stringify': [ '2.1.0' ],
19 silly audit   'fast-levenshtein': [ '2.0.6' ],
19 silly audit   'fast-xml-builder': [ '1.0.0' ],
19 silly audit   'fast-xml-parser': [ '5.4.1' ],
19 silly audit   fastq: [ '1.20.1' ],
19 silly audit   'file-entry-cache': [ '8.0.0' ],
19 silly audit   'fill-range': [ '7.1.1' ],
19 silly audit   finalhandler: [ '2.1.1' ],
19 silly audit   'find-up': [ '5.0.0' ],
19 silly audit   'flat-cache': [ '4.0.1' ],
19 silly audit   flatted: [ '3.4.1' ],
19 silly audit   'follow-redirects': [ '1.15.11' ],
19 silly audit   'for-each': [ '0.3.5' ],
19 silly audit   'form-data': [ '4.0.5' ],
19 silly audit   'mime-db': [ '1.52.0', '1.54.0' ],
19 silly audit   'mime-types': [ '2.1.35', '3.0.2' ],
19 silly audit   forwarded: [ '0.2.0' ],
19 silly audit   fresh: [ '2.0.0' ],
19 silly audit   'function-bind': [ '1.1.2' ],
19 silly audit   'function.prototype.name': [ '1.1.8' ],
19 silly audit   'functions-have-names': [ '1.2.3' ],
19 silly audit   'generator-function': [ '2.0.1' ],
19 silly audit   'get-intrinsic': [ '1.3.0' ],
19 silly audit   'get-nonce': [ '1.0.1' ],
19 silly audit   'get-proto': [ '1.0.1' ],
19 silly audit   'get-symbol-description': [ '1.1.0' ],
19 silly audit   'get-tsconfig': [ '4.13.6' ],
19 silly audit   giget: [ '2.0.0' ],
19 silly audit   globals: [ '14.0.0' ],
19 silly audit   globalthis: [ '1.0.4' ],
19 silly audit   gopd: [ '1.2.0' ],
19 silly audit   'graceful-fs': [ '4.2.11' ],
19 silly audit   'has-bigints': [ '1.1.0' ],
19 silly audit   'has-flag': [ '4.0.0' ],
19 silly audit   'has-property-descriptors': [ '1.0.2' ],
19 silly audit   'has-proto': [ '1.2.0' ],
19 silly audit   'has-symbols': [ '1.1.0' ],
19 silly audit   'has-tostringtag': [ '1.0.2' ],
19 silly audit   hasown: [ '2.0.2' ],
19 silly audit   'html-to-text': [ '9.0.5' ],
19 silly audit   htmlparser2: [ '8.0.2' ],
19 silly audit   'http-errors': [ '2.0.1' ],
19 silly audit   'iconv-lite': [ '0.7.2' ],
19 silly audit   'import-fresh': [ '3.3.1' ],
19 silly audit   imurmurhash: [ '0.1.4' ],
19 silly audit   inherits: [ '2.0.4' ],
19 silly audit   'internal-slot': [ '1.1.0' ],
19 silly audit   'ipaddr.js': [ '1.9.1' ],
19 silly audit   'is-array-buffer': [ '3.0.5' ],
19 silly audit   'is-async-function': [ '2.1.1' ],
19 silly audit   'is-bigint': [ '1.1.0' ],
19 silly audit   'is-boolean-object': [ '1.2.2' ],
19 silly audit   'is-bun-module': [ '2.0.0' ],
19 silly audit   'is-callable': [ '1.2.7' ],
19 silly audit   'is-core-module': [ '2.16.1' ],
19 silly audit   'is-data-view': [ '1.0.2' ],
19 silly audit   'is-date-object': [ '1.1.0' ],
19 silly audit   'is-electron': [ '2.2.2' ],
19 silly audit   'is-extglob': [ '2.1.1' ],
19 silly audit   'is-finalizationregistry': [ '1.1.1' ],
19 silly audit   'is-generator-function': [ '1.1.2' ],
19 silly audit   'is-glob': [ '4.0.3' ],
19 silly audit   'is-map': [ '2.0.3' ],
19 silly audit   'is-negative-zero': [ '2.0.3' ],
19 silly audit   'is-number': [ '7.0.0' ],
19 silly audit   'is-number-object': [ '1.1.1' ],
19 silly audit   'is-promise': [ '4.0.0' ],
19 silly audit   'is-regex': [ '1.2.1' ],
19 silly audit   'is-set': [ '2.0.3' ],
19 silly audit   'is-shared-array-buffer': [ '1.0.4' ],
19 silly audit   'is-stream': [ '2.0.1' ],
19 silly audit   'is-string': [ '1.1.1' ],
19 silly audit   'is-symbol': [ '1.1.1' ],
19 silly audit   'is-typed-array': [ '1.1.15' ],
19 silly audit   'is-weakmap': [ '2.0.2' ],
19 silly audit   'is-weakref': [ '1.1.1' ],
19 silly audit   'is-weakset': [ '2.0.4' ],
19 silly audit   isarray: [ '2.0.5' ],
19 silly audit   isexe: [ '2.0.0' ],
19 silly audit   'iterator.prototype': [ '1.1.5' ],
19 silly audit   jiti: [ '2.6.1' ],
19 silly audit   jose: [ '6.2.1' ],
19 silly audit   'js-tokens': [ '4.0.0' ],
19 silly audit   'js-yaml': [ '4.1.1' ],
19 silly audit   'json-buffer': [ '3.0.1' ],
19 silly audit   'json-schema-traverse': [ '0.4.1' ],
19 silly audit   'json-stable-stringify-without-jsonify': [ '1.0.1' ],
19 silly audit   json5: [ '1.0.2' ],
19 silly audit   jsonwebtoken: [ '9.0.3' ],
19 silly audit   'jsx-ast-utils': [ '3.3.5' ],
19 silly audit   jwa: [ '2.0.1' ],
19 silly audit   jws: [ '4.0.1' ],
19 silly audit   keyv: [ '4.5.4' ],
19 silly audit   'language-subtag-registry': [ '0.3.23' ],
19 silly audit   'language-tags': [ '1.0.9' ],
19 silly audit   leac: [ '0.6.0' ],
19 silly audit   levn: [ '0.4.1' ],
19 silly audit   lightningcss: [ '1.31.1' ],
19 silly audit   'lightningcss-android-arm64': [ '1.31.1' ],
19 silly audit   'lightningcss-darwin-arm64': [ '1.31.1' ],
19 silly audit   'lightningcss-darwin-x64': [ '1.31.1' ],
19 silly audit   'lightningcss-freebsd-x64': [ '1.31.1' ],
19 silly audit   'lightningcss-linux-arm-gnueabihf': [ '1.31.1' ],
19 silly audit   'lightningcss-linux-arm64-gnu': [ '1.31.1' ],
19 silly audit   'lightningcss-linux-arm64-musl': [ '1.31.1' ],
19 silly audit   'lightningcss-linux-x64-gnu': [ '1.31.1' ],
19 silly audit   'lightningcss-linux-x64-musl': [ '1.31.1' ],
19 silly audit   'lightningcss-win32-arm64-msvc': [ '1.31.1' ],
19 silly audit   'lightningcss-win32-x64-msvc': [ '1.31.1' ],
19 silly audit   'locate-path': [ '6.0.0' ],
19 silly audit   'lodash.includes': [ '4.3.0' ],
19 silly audit   'lodash.isboolean': [ '3.0.3' ],
19 silly audit   'lodash.isinteger': [ '4.0.4' ],
19 silly audit   'lodash.isnumber': [ '3.0.3' ],
19 silly audit   'lodash.isplainobject': [ '4.0.6' ],
19 silly audit   'lodash.isstring': [ '4.0.1' ],
19 silly audit   'lodash.merge': [ '4.6.2' ],
19 silly audit   'lodash.once': [ '4.1.1' ],
19 silly audit   'loose-envify': [ '1.4.0' ],
19 silly audit   'lucide-react': [ '0.525.0' ],
19 silly audit   'magic-string': [ '0.30.21' ],
19 silly audit   marked: [ '7.0.4' ],
19 silly audit   'math-intrinsics': [ '1.1.0' ],
19 silly audit   'md-to-react-email': [ '5.0.5' ],
19 silly audit   'media-typer': [ '1.1.0' ],
19 silly audit   'merge-descriptors': [ '2.0.0' ],
19 silly audit   merge2: [ '1.4.1' ],
19 silly audit   micromatch: [ '4.0.8' ],
19 silly audit   minimist: [ '1.2.8' ],
19 silly audit   ms: [ '2.1.3' ],
19 silly audit   nanoid: [ '3.3.11' ],
19 silly audit   'napi-postinstall': [ '0.3.4' ],
19 silly audit   'natural-compare': [ '1.4.0' ],
19 silly audit   negotiator: [ '1.0.0' ],
19 silly audit   next: [ '15.3.5' ],
19 silly audit   'next-auth': [ '5.0.0-beta.30' ],
19 silly audit   'next-themes': [ '0.4.6' ],
19 silly audit   postcss: [ '8.4.31', '8.5.8' ],
19 silly audit   'node-exports-info': [ '1.6.0' ],
19 silly audit   'node-fetch-native': [ '1.6.7' ],
19 silly audit   nodemailer: [ '7.0.13' ],
19 silly audit   nypm: [ '0.6.5' ],
19 silly audit   oauth4webapi: [ '3.8.5' ],
19 silly audit   'object-assign': [ '4.1.1' ],
19 silly audit   'object-inspect': [ '1.13.4' ],
19 silly audit   'object-keys': [ '1.1.1' ],
19 silly audit   'object.assign': [ '4.1.7' ],
19 silly audit   'object.entries': [ '1.1.9' ],
19 silly audit   'object.fromentries': [ '2.0.8' ],
19 silly audit   'object.groupby': [ '1.0.3' ],
19 silly audit   'object.values': [ '1.2.1' ],
19 silly audit   ohash: [ '2.0.11' ],
19 silly audit   'on-finished': [ '2.4.1' ],
19 silly audit   once: [ '1.4.0' ],
19 silly audit   optionator: [ '0.9.4' ],
19 silly audit   'own-keys': [ '1.0.1' ],
19 silly audit   'p-finally': [ '1.0.0' ],
19 silly audit   'p-limit': [ '3.1.0' ],
19 silly audit   'p-locate': [ '5.0.0' ],
19 silly audit   'p-queue': [ '6.6.2' ],
19 silly audit   'p-retry': [ '4.6.2' ],
19 silly audit   'p-timeout': [ '3.2.0' ],
19 silly audit   'parent-module': [ '1.0.1' ],
19 silly audit   parseley: [ '0.12.1' ],
19 silly audit   parseurl: [ '1.3.3' ],
19 silly audit   'path-exists': [ '4.0.0' ],
19 silly audit   'path-key': [ '3.1.1' ],
19 silly audit   'path-parse': [ '1.0.7' ],
19 silly audit   'path-to-regexp': [ '8.3.0' ],
19 silly audit   pathe: [ '2.0.3' ],
19 silly audit   peberminta: [ '0.9.0' ],
19 silly audit   'perfect-debounce': [ '1.0.0' ],
19 silly audit   picocolors: [ '1.1.1' ],
19 silly audit   picomatch: [ '2.3.1', '4.0.3' ],
19 silly audit   'pkg-types': [ '2.3.0' ],
19 silly audit   'possible-typed-array-names': [ '1.1.0' ],
19 silly audit   preact: [ '10.24.3' ],
19 silly audit   'preact-render-to-string': [ '6.5.11' ],
19 silly audit   'prelude-ls': [ '1.2.1' ],
19 silly audit   prettier: [ '3.8.1' ],
19 silly audit   prisma: [ '6.19.2' ],
19 silly audit   prismjs: [ '1.30.0' ],
19 silly audit   'prop-types': [ '15.8.1' ],
19 silly audit   'proxy-addr': [ '2.0.7' ],
19 silly audit   'proxy-from-env': [ '1.1.0' ],
19 silly audit   punycode: [ '2.3.1' ],
19 silly audit   'pure-rand': [ '6.1.0' ],
19 silly audit   qs: [ '6.15.0' ],
19 silly audit   'queue-microtask': [ '1.2.3' ],
19 silly audit   'range-parser': [ '1.2.1' ],
19 silly audit   'raw-body': [ '3.0.2' ],
19 silly audit   rc9: [ '2.1.2' ],
19 silly audit   react: [ '19.2.4' ],
19 silly audit   'react-dom': [ '19.2.4' ],
19 silly audit   'react-h5-audio-player': [ '3.10.2' ],
19 silly audit   'react-is': [ '16.13.1' ],
19 silly audit   'react-promise-suspense': [ '0.3.4' ],
19 silly audit   'react-remove-scroll': [ '2.7.2' ],
19 silly audit   'react-remove-scroll-bar': [ '2.3.8' ],
19 silly audit   'react-style-singleton': [ '2.2.3' ],
19 silly audit   readdirp: [ '4.1.2' ],
19 silly audit   'reflect.getprototypeof': [ '1.0.10' ],
19 silly audit   'regexp.prototype.flags': [ '1.5.4' ],
19 silly audit   'resolve-from': [ '4.0.0' ],
19 silly audit   'resolve-pkg-maps': [ '1.0.0' ],
19 silly audit   retry: [ '0.13.1' ],
19 silly audit   reusify: [ '1.1.0' ],
19 silly audit   router: [ '2.2.0' ],
19 silly audit   'run-parallel': [ '1.2.0' ],
19 silly audit   'safe-array-concat': [ '1.1.3' ],
19 silly audit   'safe-buffer': [ '5.2.1' ],
19 silly audit   'safe-push-apply': [ '1.0.0' ],
19 silly audit   'safe-regex-test': [ '1.1.0' ],
19 silly audit   'safer-buffer': [ '2.1.2' ],
19 silly audit   scheduler: [ '0.27.0' ],
19 silly audit   selderee: [ '0.11.0' ],
19 silly audit   send: [ '1.2.1' ],
19 silly audit   'serve-static': [ '2.2.1' ],
19 silly audit   'set-function-length': [ '1.2.2' ],
19 silly audit   'set-function-name': [ '2.0.2' ],
19 silly audit   'set-proto': [ '1.0.0' ],
19 silly audit   setprototypeof: [ '1.2.0' ],
19 silly audit   sharp: [ '0.34.5' ],
19 silly audit   'shebang-command': [ '2.0.0' ],
19 silly audit   'shebang-regex': [ '3.0.0' ],
19 silly audit   'side-channel': [ '1.1.0' ],
19 silly audit   'side-channel-list': [ '1.0.0' ],
19 silly audit   'side-channel-map': [ '1.0.1' ],
19 silly audit   'side-channel-weakmap': [ '1.0.2' ],
19 silly audit   sonner: [ '2.0.7' ],
19 silly audit   'source-map-js': [ '1.2.1' ],
19 silly audit   'stable-hash': [ '0.0.5' ],
19 silly audit   statuses: [ '2.0.2' ],
19 silly audit   'stop-iteration-iterator': [ '1.1.0' ],
19 silly audit   streamsearch: [ '1.1.0' ],
19 silly audit   'string.prototype.includes': [ '2.0.1' ],
19 silly audit   'string.prototype.matchall': [ '4.0.12' ],
19 silly audit   'string.prototype.repeat': [ '1.0.0' ],
19 silly audit   'string.prototype.trim': [ '1.2.10' ],
19 silly audit   'string.prototype.trimend': [ '1.0.9' ],
19 silly audit   'string.prototype.trimstart': [ '1.0.8' ],
19 silly audit   'strip-bom': [ '3.0.0' ],
19 silly audit   'strip-json-comments': [ '3.1.1' ],
19 silly audit   strnum: [ '2.2.0' ],
19 silly audit   'styled-jsx': [ '5.1.6' ],
19 silly audit   'supports-color': [ '7.2.0' ],
19 silly audit   'supports-preserve-symlinks-flag': [ '1.0.0' ],
19 silly audit   'tailwind-merge': [ '3.5.0' ],
19 silly audit   tailwindcss: [ '4.2.1' ],
19 silly audit   tapable: [ '2.3.0' ],
19 silly audit   tinyexec: [ '1.0.2' ],
19 silly audit   tinyglobby: [ '0.2.15' ],
19 silly audit   fdir: [ '6.5.0' ],
19 silly audit   'to-regex-range': [ '5.0.1' ],
19 silly audit   toidentifier: [ '1.0.1' ],
19 silly audit   'ts-api-utils': [ '2.4.0' ],
19 silly audit   'tsconfig-paths': [ '3.15.0' ],
19 silly audit   tsscmp: [ '1.0.6' ],
19 silly audit   'tw-animate-css': [ '1.4.0' ],
19 silly audit   'type-check': [ '0.4.0' ],
19 silly audit   'type-is': [ '2.0.1' ],
19 silly audit   'typed-array-buffer': [ '1.0.3' ],
19 silly audit   'typed-array-byte-length': [ '1.0.3' ],
19 silly audit   'typed-array-byte-offset': [ '1.0.4' ],
19 silly audit   'typed-array-length': [ '1.0.7' ],
19 silly audit   typescript: [ '5.9.3' ],
19 silly audit   'unbox-primitive': [ '1.1.0' ],
19 silly audit   'undici-types': [ '6.21.0' ],
19 silly audit   unpipe: [ '1.0.0' ],
19 silly audit   'unrs-resolver': [ '1.11.1' ],
19 silly audit   'uri-js': [ '4.4.1' ],
19 silly audit   'use-callback-ref': [ '1.3.3' ],
19 silly audit   'use-sidecar': [ '1.1.3' ],
19 silly audit   vary: [ '1.1.2' ],
19 silly audit   which: [ '2.0.2' ],
19 silly audit   'which-boxed-primitive': [ '1.1.1' ],
19 silly audit   'which-builtin-type': [ '1.2.1' ],
19 silly audit   'which-collection': [ '1.0.2' ],
19 silly audit   'which-typed-array': [ '1.1.20' ],
19 silly audit   'word-wrap': [ '1.2.5' ],
19 silly audit   wrappy: [ '1.0.2' ],
19 silly audit   ws: [ '8.19.0' ],
19 silly audit   'yocto-queue': [ '0.1.0' ]
19 silly audit }
20 http fetch GET 200 https://registry.npmjs.org/npm 1193ms
21 http fetch POST 200 https://registry.npmjs.org/-/npm/v1/security/advisories/bulk 486ms
22 silly audit report {
22 silly audit report   next: [
22 silly audit report     {
22 silly audit report       id: 1111370,
22 silly audit report       url: 'https://github.com/advisories/GHSA-9qr9-h5gf-34mp',
22 silly audit report       title: 'Next.js is vulnerable to RCE in React flight protocol',
22 silly audit report       severity: 'critical',
22 silly audit report       vulnerable_versions: '>=15.3.0-canary.0 <15.3.6',
22 silly audit report       cwe: [Array],
22 silly audit report       cvss: [Object]
22 silly audit report     },
22 silly audit report     {
22 silly audit report       id: 1111378,
22 silly audit report       url: 'https://github.com/advisories/GHSA-w37m-7fhw-fmv9',
22 silly audit report       title: 'Next Server Actions Source Code Exposure ',
22 silly audit report       severity: 'moderate',
22 silly audit report       vulnerable_versions: '>=15.3.0-canary.0 <15.3.7',
22 silly audit report       cwe: [Array],
22 silly audit report       cvss: [Object]
22 silly audit report     },
22 silly audit report     {
22 silly audit report       id: 1111387,
22 silly audit report       url: 'https://github.com/advisories/GHSA-mwv6-3258-q52c',
22 silly audit report       title: 'Next Vulnerable to Denial of Service with Server Components',
22 silly audit report       severity: 'high',
22 silly audit report       vulnerable_versions: '>=15.3.0-canary.0 <15.3.7',
22 silly audit report       cwe: [Array],
22 silly audit report       cvss: [Object]
22 silly audit report     },
22 silly audit report     {
22 silly audit report       id: 1107228,
22 silly audit report       url: 'https://github.com/advisories/GHSA-g5qg-72qw-gw5v',
22 silly audit report       title: 'Next.js Affected by Cache Key Confusion for Image Optimization API Routes',
22 silly audit report       severity: 'moderate',
22 silly audit report       vulnerable_versions: '>=15.0.0 <=15.4.4',
22 silly audit report       cwe: [Array],
22 silly audit report       cvss: [Object]
22 silly audit report     },
22 silly audit report     {
22 silly audit report       id: 1107514,
22 silly audit report       url: 'https://github.com/advisories/GHSA-xv57-4mr9-wg8v',
22 silly audit report       title: 'Next.js Content Injection Vulnerability for Image Optimization',
22 silly audit report       severity: 'moderate',
22 silly audit report       vulnerable_versions: '>=15.0.0 <=15.4.4',
22 silly audit report       cwe: [Array],
22 silly audit report       cvss: [Object]
22 silly audit report     },
22 silly audit report     {
22 silly audit report       id: 1107515,
22 silly audit report       url: 'https://github.com/advisories/GHSA-4342-x723-ch2f',
22 silly audit report       title: 'Next.js Improper Middleware Redirect Handling Leads to SSRF',
22 silly audit report       severity: 'moderate',
22 silly audit report       vulnerable_versions: '>=15.0.0-canary.0 <15.4.7',
22 silly audit report       cwe: [Array],
22 silly audit report       cvss: [Object]
22 silly audit report     },
22 silly audit report     {
22 silly audit report       id: 1112593,
22 silly audit report       url: 'https://github.com/advisories/GHSA-9g9p-9gw9-jx7f',
22 silly audit report       title: 'Next.js self-hosted applications vulnerable to DoS via Image Optimizer remotePatterns configuration',
22 silly audit report       severity: 'moderate',
22 silly audit report       vulnerable_versions: '>=10.0.0 <15.5.10',
22 silly audit report       cwe: [Array],
22 silly audit report       cvss: [Object]
22 silly audit report     },
22 silly audit report     {
22 silly audit report       id: 1112650,
22 silly audit report       url: 'https://github.com/advisories/GHSA-h25m-26qc-wcjf',
22 silly audit report       title: 'Next.js HTTP request deserialization can lead to DoS when using insecure React Server Components',
22 silly audit report       severity: 'high',
22 silly audit report       vulnerable_versions: '>=15.3.0-canary.0 <15.3.9',
22 silly audit report       cwe: [Array],
22 silly audit report       cvss: [Object]
22 silly audit report     }
22 silly audit report   ]
22 silly audit report }
23 silly packumentCache corgi:https://registry.npmjs.org/next cache-miss
24 http fetch GET 200 https://registry.npmjs.org/next 834ms (cache miss)
25 silly packumentCache corgi:https://registry.npmjs.org/next set size:undefined disposed:false
26 silly packumentCache corgi:https://registry.npmjs.org/next-auth cache-miss
27 http fetch GET 200 https://registry.npmjs.org/next-auth 360ms (cache miss)
28 silly packumentCache corgi:https://registry.npmjs.org/next-auth set size:undefined disposed:false
29 verbose cwd /Users/mac/Desktop/notetaker
30 verbose os Darwin 25.0.0
31 verbose node v22.18.0
32 verbose npm  v11.7.0
33 notice
33 notice New minor version of npm available! 11.7.0 -> 11.11.0
33 notice Changelog: https://github.com/npm/cli/releases/tag/v11.11.0
33 notice To update run: npm install -g npm@11.11.0
33 notice  { force: true, [Symbol(proc-log.meta)]: true }
34 verbose exit 0
35 info ok
